Archive member included to satisfy reference by file (symbol)

/usr/lib/gcc/arm-none-eabi/10.3.1/../../../arm-none-eabi/lib/thumb/v7e-m+dp/hard/libc_nano.a(lib_a-atexit.o)
                              /usr/lib/gcc/arm-none-eabi/10.3.1/../../../arm-none-eabi/lib/thumb/v7e-m+dp/hard/crt0.o (atexit)
/usr/lib/gcc/arm-none-eabi/10.3.1/../../../arm-none-eabi/lib/thumb/v7e-m+dp/hard/libc_nano.a(lib_a-errno.o)
                              Core/Src/syscalls.o (__errno)
/usr/lib/gcc/arm-none-eabi/10.3.1/../../../arm-none-eabi/lib/thumb/v7e-m+dp/hard/libc_nano.a(lib_a-exit.o)
                              /usr/lib/gcc/arm-none-eabi/10.3.1/../../../arm-none-eabi/lib/thumb/v7e-m+dp/hard/crt0.o (exit)
/usr/lib/gcc/arm-none-eabi/10.3.1/../../../arm-none-eabi/lib/thumb/v7e-m+dp/hard/libc_nano.a(lib_a-fini.o)
                              /usr/lib/gcc/arm-none-eabi/10.3.1/../../../arm-none-eabi/lib/thumb/v7e-m+dp/hard/crt0.o (__libc_fini_array)
/usr/lib/gcc/arm-none-eabi/10.3.1/../../../arm-none-eabi/lib/thumb/v7e-m+dp/hard/libc_nano.a(lib_a-impure.o)
                              /usr/lib/gcc/arm-none-eabi/10.3.1/../../../arm-none-eabi/lib/thumb/v7e-m+dp/hard/libc_nano.a(lib_a-exit.o) (_global_impure_ptr)
/usr/lib/gcc/arm-none-eabi/10.3.1/../../../arm-none-eabi/lib/thumb/v7e-m+dp/hard/libc_nano.a(lib_a-init.o)
                              /usr/lib/gcc/arm-none-eabi/10.3.1/../../../arm-none-eabi/lib/thumb/v7e-m+dp/hard/crt0.o (__libc_init_array)
/usr/lib/gcc/arm-none-eabi/10.3.1/../../../arm-none-eabi/lib/thumb/v7e-m+dp/hard/libc_nano.a(lib_a-memset.o)
                              /usr/lib/gcc/arm-none-eabi/10.3.1/../../../arm-none-eabi/lib/thumb/v7e-m+dp/hard/crt0.o (memset)
/usr/lib/gcc/arm-none-eabi/10.3.1/../../../arm-none-eabi/lib/thumb/v7e-m+dp/hard/libc_nano.a(lib_a-__atexit.o)
                              /usr/lib/gcc/arm-none-eabi/10.3.1/../../../arm-none-eabi/lib/thumb/v7e-m+dp/hard/libc_nano.a(lib_a-atexit.o) (__register_exitproc)
/usr/lib/gcc/arm-none-eabi/10.3.1/../../../arm-none-eabi/lib/thumb/v7e-m+dp/hard/libc_nano.a(lib_a-__call_atexit.o)
                              /usr/lib/gcc/arm-none-eabi/10.3.1/../../../arm-none-eabi/lib/thumb/v7e-m+dp/hard/libc_nano.a(lib_a-__atexit.o) (__call_exitprocs)
/usr/lib/gcc/arm-none-eabi/10.3.1/thumb/v7e-m+dp/hard/libgcc.a(_aeabi_uldivmod.o)
                              Drivers/STM32H7xx_HAL_Driver/Src/stm32h7xx_hal_uart.o (__aeabi_uldivmod)
/usr/lib/gcc/arm-none-eabi/10.3.1/thumb/v7e-m+dp/hard/libgcc.a(_udivmoddi4.o)
                              /usr/lib/gcc/arm-none-eabi/10.3.1/thumb/v7e-m+dp/hard/libgcc.a(_aeabi_uldivmod.o) (__udivmoddi4)
/usr/lib/gcc/arm-none-eabi/10.3.1/thumb/v7e-m+dp/hard/libgcc.a(_dvmd_tls.o)
                              /usr/lib/gcc/arm-none-eabi/10.3.1/thumb/v7e-m+dp/hard/libgcc.a(_aeabi_uldivmod.o) (__aeabi_ldiv0)

Discarded input sections

 .text          0x0000000000000000        0x0 /usr/lib/gcc/arm-none-eabi/10.3.1/thumb/v7e-m+dp/hard/crti.o
 .data          0x0000000000000000        0x0 /usr/lib/gcc/arm-none-eabi/10.3.1/thumb/v7e-m+dp/hard/crti.o
 .bss           0x0000000000000000        0x0 /usr/lib/gcc/arm-none-eabi/10.3.1/thumb/v7e-m+dp/hard/crti.o
 .data          0x0000000000000000        0x4 /usr/lib/gcc/arm-none-eabi/10.3.1/thumb/v7e-m+dp/hard/crtbegin.o
 .rodata        0x0000000000000000       0x24 /usr/lib/gcc/arm-none-eabi/10.3.1/thumb/v7e-m+dp/hard/crtbegin.o
 .text          0x0000000000000000       0x70 /usr/lib/gcc/arm-none-eabi/10.3.1/../../../arm-none-eabi/lib/thumb/v7e-m+dp/hard/crt0.o
 .data          0x0000000000000000        0x0 /usr/lib/gcc/arm-none-eabi/10.3.1/../../../arm-none-eabi/lib/thumb/v7e-m+dp/hard/crt0.o
 .bss           0x0000000000000000        0x0 /usr/lib/gcc/arm-none-eabi/10.3.1/../../../arm-none-eabi/lib/thumb/v7e-m+dp/hard/crt0.o
 .ARM.extab     0x0000000000000000        0x0 /usr/lib/gcc/arm-none-eabi/10.3.1/../../../arm-none-eabi/lib/thumb/v7e-m+dp/hard/crt0.o
 .ARM.exidx     0x0000000000000000       0x10 /usr/lib/gcc/arm-none-eabi/10.3.1/../../../arm-none-eabi/lib/thumb/v7e-m+dp/hard/crt0.o
 .debug_line    0x0000000000000000       0x87 /usr/lib/gcc/arm-none-eabi/10.3.1/../../../arm-none-eabi/lib/thumb/v7e-m+dp/hard/crt0.o
 .debug_info    0x0000000000000000       0x26 /usr/lib/gcc/arm-none-eabi/10.3.1/../../../arm-none-eabi/lib/thumb/v7e-m+dp/hard/crt0.o
 .debug_abbrev  0x0000000000000000       0x14 /usr/lib/gcc/arm-none-eabi/10.3.1/../../../arm-none-eabi/lib/thumb/v7e-m+dp/hard/crt0.o
 .debug_aranges
                0x0000000000000000       0x20 /usr/lib/gcc/arm-none-eabi/10.3.1/../../../arm-none-eabi/lib/thumb/v7e-m+dp/hard/crt0.o
 .debug_str     0x0000000000000000       0x98 /usr/lib/gcc/arm-none-eabi/10.3.1/../../../arm-none-eabi/lib/thumb/v7e-m+dp/hard/crt0.o
 .ARM.attributes
                0x0000000000000000       0x1c /usr/lib/gcc/arm-none-eabi/10.3.1/../../../arm-none-eabi/lib/thumb/v7e-m+dp/hard/crt0.o
 .group         0x0000000000000000        0xc Core/Src/main.o
[...]
Memory Configuration

Name             Origin             Length             Attributes
RAM              0x0000000024000004 0x000000000000fdfc xrw
*default*        0x0000000000000000 0xffffffffffffffff

Linker script and memory map

LOAD /usr/lib/gcc/arm-none-eabi/10.3.1/thumb/v7e-m+dp/hard/crti.o
LOAD /usr/lib/gcc/arm-none-eabi/10.3.1/thumb/v7e-m+dp/hard/crtbegin.o
LOAD /usr/lib/gcc/arm-none-eabi/10.3.1/../../../arm-none-eabi/lib/thumb/v7e-m+dp/hard/crt0.o
LOAD Core/Src/main.o
LOAD Core/Src/stm32h7xx_it.o
LOAD Core/Src/syscalls.o
LOAD Core/Src/sysmem.o
LOAD Core/Src/system_stm32h7xx.o
LOAD Drivers/STM32H7xx_HAL_Driver/Src/stm32h7xx_hal.o
LOAD Drivers/STM32H7xx_HAL_Driver/Src/stm32h7xx_hal_cortex.o
LOAD Drivers/STM32H7xx_HAL_Driver/Src/stm32h7xx_hal_dma.o
LOAD Drivers/STM32H7xx_HAL_Driver/Src/stm32h7xx_hal_dma_ex.o
LOAD Drivers/STM32H7xx_HAL_Driver/Src/stm32h7xx_hal_exti.o
LOAD Drivers/STM32H7xx_HAL_Driver/Src/stm32h7xx_hal_flash.o
LOAD Drivers/STM32H7xx_HAL_Driver/Src/stm32h7xx_hal_flash_ex.o
LOAD Drivers/STM32H7xx_HAL_Driver/Src/stm32h7xx_hal_gpio.o
LOAD Drivers/STM32H7xx_HAL_Driver/Src/stm32h7xx_hal_hsem.o
LOAD Drivers/STM32H7xx_HAL_Driver/Src/stm32h7xx_hal_i2c.o
LOAD Drivers/STM32H7xx_HAL_Driver/Src/stm32h7xx_hal_i2c_ex.o
LOAD Drivers/STM32H7xx_HAL_Driver/Src/stm32h7xx_hal_mdma.o
LOAD Drivers/STM32H7xx_HAL_Driver/Src/stm32h7xx_hal_pwr.o
LOAD Drivers/STM32H7xx_HAL_Driver/Src/stm32h7xx_hal_pwr_ex.o
LOAD Drivers/STM32H7xx_HAL_Driver/Src/stm32h7xx_hal_rcc.o
LOAD Drivers/STM32H7xx_HAL_Driver/Src/stm32h7xx_hal_rcc_ex.o
LOAD Drivers/STM32H7xx_HAL_Driver/Src/stm32h7xx_hal_spi.o
LOAD Drivers/STM32H7xx_HAL_Driver/Src/stm32h7xx_hal_spi_ex.o
LOAD Drivers/STM32H7xx_HAL_Driver/Src/stm32h7xx_hal_tim.o
LOAD Drivers/STM32H7xx_HAL_Driver/Src/stm32h7xx_hal_tim_ex.o
LOAD Drivers/STM32H7xx_HAL_Driver/Src/stm32h7xx_hal_uart.o
LOAD Drivers/STM32H7xx_HAL_Driver/Src/stm32h7xx_hal_uart_ex.o
LOAD Flash/Dev_Inf.o
LOAD Flash/Loader_Src.o
LOAD Flash/spi.o
LOAD Flash/stm32f1_init.o
LOAD Flash/w25q64.o
START GROUP
LOAD /usr/lib/gcc/arm-none-eabi/10.3.1/../../../arm-none-eabi/lib/thumb/v7e-m+dp/hard/libc_nano.a
LOAD /usr/lib/gcc/arm-none-eabi/10.3.1/../../../arm-none-eabi/lib/thumb/v7e-m+dp/hard/libm.a
END GROUP
START GROUP
LOAD /usr/lib/gcc/arm-none-eabi/10.3.1/thumb/v7e-m+dp/hard/libgcc.a
LOAD /usr/lib/gcc/arm-none-eabi/10.3.1/../../../arm-none-eabi/lib/thumb/v7e-m+dp/hard/libc_nano.a
END GROUP
START GROUP
LOAD /usr/lib/gcc/arm-none-eabi/10.3.1/thumb/v7e-m+dp/hard/libgcc.a
LOAD /usr/lib/gcc/arm-none-eabi/10.3.1/../../../arm-none-eabi/lib/thumb/v7e-m+dp/hard/libc_nano.a
LOAD /usr/lib/gcc/arm-none-eabi/10.3.1/../../../arm-none-eabi/lib/thumb/v7e-m+dp/hard/libnosys.a
END GROUP
START GROUP
LOAD /usr/lib/gcc/arm-none-eabi/10.3.1/thumb/v7e-m+dp/hard/libgcc.a
LOAD /usr/lib/gcc/arm-none-eabi/10.3.1/../../../arm-none-eabi/lib/thumb/v7e-m+dp/hard/libc_nano.a
LOAD /usr/lib/gcc/arm-none-eabi/10.3.1/../../../arm-none-eabi/lib/thumb/v7e-m+dp/hard/libnosys.a
END GROUP
LOAD /usr/lib/gcc/arm-none-eabi/10.3.1/thumb/v7e-m+dp/hard/crtend.o
LOAD /usr/lib/gcc/arm-none-eabi/10.3.1/thumb/v7e-m+dp/hard/crtn.o
                0x000000002400fe00                _estack = (ORIGIN (RAM) + LENGTH (RAM))
                0x0000000000001000                _Min_Heap_Size = 0x1000
                0x0000000000001000                _Min_Stack_Size = 0x1000

.text           0x0000000024000004     0x4696
                0x0000000000000000                . = 0x0
                0x0000000000000000                . = ALIGN (0x8)
 *fill*         0x0000000024000004        0x4 
 *Loader_Src.o(.text)
 .text          0x0000000024000008        0x0 Flash/Loader_Src.o
 *Loader_Src.o(.text*)
 .text.uart_send_ch
                0x0000000024000008       0x18 Flash/Loader_Src.o
 .text.user_printf
                0x0000000024000020       0x16 Flash/Loader_Src.o
 *fill*         0x0000000024000036        0x2 
 .text.CheckSum
                0x0000000024000038      0x22c Flash/Loader_Src.o
                0x0000000024000038                CheckSum
 .text.MassErase
                0x0000000024000264       0x14 Flash/Loader_Src.o
                0x0000000024000264                MassErase
 .text.Read     0x0000000024000278       0x3c Flash/Loader_Src.o
                0x0000000024000278                Read
 .text.SectorErase
                0x00000000240002b4       0x54 Flash/Loader_Src.o
                0x00000000240002b4                SectorErase
 .text.Verify   0x0000000024000308       0xf0 Flash/Loader_Src.o
                0x0000000024000308                Verify
 .text.Write    0x00000000240003f8       0x34 Flash/Loader_Src.o
                0x00000000240003f8                Write
 .text.num2str  0x000000002400042c       0xcc Flash/Loader_Src.o
                0x000000002400042c                num2str
 .text.short2str
                0x00000000240004f8       0xaa Flash/Loader_Src.o
                0x00000000240004f8                short2str
 *fill*         0x00000000240005a2        0x2 
 .text.w25q64_check
                0x00000000240005a4       0x5c Flash/Loader_Src.o
 .text.Init     0x0000000024000600       0x28 Flash/Loader_Src.o
                0x0000000024000600                Init
 *w25q64.o(.text)
 .text          0x0000000024000628        0x0 Flash/w25q64.o
 *w25q64.o(.text*)
 .text.CS       0x0000000024000628       0x38 Flash/w25q64.o
 .text.W25QXX_Write_Page
                0x0000000024000660       0x74 Flash/w25q64.o
                0x0000000024000660                W25QXX_Write_Page
 .text.W25QXX_Erase_Sector
                0x00000000240006d4       0x50 Flash/w25q64.o
                0x00000000240006d4                W25QXX_Erase_Sector
 .text.W25QXX_Write_buf
                0x0000000024000724       0x5c Flash/w25q64.o
                0x0000000024000724                W25QXX_Write_buf
 .text.W25QXX_ReadSR
                0x0000000024000780       0x66 Flash/w25q64.o
                0x0000000024000780                W25QXX_ReadSR
 .text.W25QXX_Wait_Busy
                0x00000000240007e6       0x1c Flash/w25q64.o
                0x00000000240007e6                W25QXX_Wait_Busy
 .text.W25QXX_Write_Enable
                0x0000000024000802       0x1a Flash/w25q64.o
                0x0000000024000802                W25QXX_Write_Enable
 .text.W25QXX_Write_Disable
                0x000000002400081c       0x1a Flash/w25q64.o
                0x000000002400081c                W25QXX_Write_Disable
 .text.W25QXX_Read
                0x0000000024000836       0x6e Flash/w25q64.o
                0x0000000024000836                W25QXX_Read
 .text.spi_flash_read_ID
                0x00000000240008a4       0x50 Flash/w25q64.o
                0x00000000240008a4                spi_flash_read_ID
 *(.text)
 .text          0x00000000240008f4       0x88 /usr/lib/gcc/arm-none-eabi/10.3.1/thumb/v7e-m+dp/hard/crtbegin.o
 .text          0x000000002400097c       0xa4 /usr/lib/gcc/arm-none-eabi/10.3.1/../../../arm-none-eabi/lib/thumb/v7e-m+dp/hard/libc_nano.a(lib_a-memset.o)
                0x000000002400097c                memset
 *(.text*)
 .text.SystemInit
                0x0000000024000a20      0x110 Core/Src/system_stm32h7xx.o
                0x0000000024000a20                SystemInit
 .text.HAL_Init
                0x0000000024000b30       0x78 Drivers/STM32H7xx_HAL_Driver/Src/stm32h7xx_hal.o
                0x0000000024000b30                HAL_Init
 .text.HAL_MspInit
                0x0000000024000ba8        0xe Drivers/STM32H7xx_HAL_Driver/Src/stm32h7xx_hal.o
                0x0000000024000ba8                HAL_MspInit
 *fill*         0x0000000024000bb6        0x2 
 .text.HAL_GetTick
                0x0000000024000bb8       0x18 Drivers/STM32H7xx_HAL_Driver/Src/stm32h7xx_hal.o
                0x0000000024000bb8                HAL_GetTick
 .text.HAL_GetREVID
                0x0000000024000bd0       0x18 Drivers/STM32H7xx_HAL_Driver/Src/stm32h7xx_hal.o
                0x0000000024000bd0                HAL_GetREVID
 .text.__NVIC_SetPriorityGrouping
                0x0000000024000be8       0x48 Drivers/STM32H7xx_HAL_Driver/Src/stm32h7xx_hal_cortex.o
 .text.HAL_NVIC_SetPriorityGrouping
                0x0000000024000c30       0x16 Drivers/STM32H7xx_HAL_Driver/Src/stm32h7xx_hal_cortex.o
                0x0000000024000c30                HAL_NVIC_SetPriorityGrouping
 *fill*         0x0000000024000c46        0x2 
 .text.HAL_MPU_Disable
                0x0000000024000c48       0x30 Drivers/STM32H7xx_HAL_Driver/Src/stm32h7xx_hal_cortex.o
                0x0000000024000c48                HAL_MPU_Disable
 .text.HAL_MPU_Enable
                0x0000000024000c78       0x40 Drivers/STM32H7xx_HAL_Driver/Src/stm32h7xx_hal_cortex.o
                0x0000000024000c78                HAL_MPU_Enable
 .text.HAL_MPU_ConfigRegion
                0x0000000024000cb8       0x80 Drivers/STM32H7xx_HAL_Driver/Src/stm32h7xx_hal_cortex.o
                0x0000000024000cb8                HAL_MPU_ConfigRegion
 .text.HAL_GPIO_Init
                0x0000000024000d38      0x360 Drivers/STM32H7xx_HAL_Driver/Src/stm32h7xx_hal_gpio.o
                0x0000000024000d38                HAL_GPIO_Init
 .text.HAL_PWREx_ConfigSupply
                0x0000000024001098       0x74 Drivers/STM32H7xx_HAL_Driver/Src/stm32h7xx_hal_pwr_ex.o
                0x0000000024001098                HAL_PWREx_ConfigSupply
 .text.HAL_RCC_OscConfig
                0x000000002400110c      0x8b4 Drivers/STM32H7xx_HAL_Driver/Src/stm32h7xx_hal_rcc.o
                0x000000002400110c                HAL_RCC_OscConfig
 .text.HAL_RCC_ClockConfig
                0x00000000240019c0      0x36c Drivers/STM32H7xx_HAL_Driver/Src/stm32h7xx_hal_rcc.o
                0x00000000240019c0                HAL_RCC_ClockConfig
 .text.HAL_RCC_GetSysClockFreq
                0x0000000024001d2c      0x2f4 Drivers/STM32H7xx_HAL_Driver/Src/stm32h7xx_hal_rcc.o
                0x0000000024001d2c                HAL_RCC_GetSysClockFreq
 .text.HAL_RCCEx_PeriphCLKConfig
                0x0000000024002020     0x1414 Drivers/STM32H7xx_HAL_Driver/Src/stm32h7xx_hal_rcc_ex.o
                0x0000000024002020                HAL_RCCEx_PeriphCLKConfig
 .text.RCCEx_PLL2_Config
                0x0000000024003434      0x164 Drivers/STM32H7xx_HAL_Driver/Src/stm32h7xx_hal_rcc_ex.o
 .text.RCCEx_PLL3_Config
                0x0000000024003598      0x164 Drivers/STM32H7xx_HAL_Driver/Src/stm32h7xx_hal_rcc_ex.o
 .text.HAL_SPI_Init
                0x00000000240036fc      0x248 Drivers/STM32H7xx_HAL_Driver/Src/stm32h7xx_hal_spi.o
                0x00000000240036fc                HAL_SPI_Init
 .text.HAL_SPI_TransmitReceive
                0x0000000024003944      0x674 Drivers/STM32H7xx_HAL_Driver/Src/stm32h7xx_hal_spi.o
                0x0000000024003944                HAL_SPI_TransmitReceive
 .text.SPI_CloseTransfer
                0x0000000024003fb8      0x140 Drivers/STM32H7xx_HAL_Driver/Src/stm32h7xx_hal_spi.o
 .text.SPI_WaitOnFlagUntilTimeout
                0x00000000240040f8       0x3e Drivers/STM32H7xx_HAL_Driver/Src/stm32h7xx_hal_spi.o
 .text.SPI_GetPacketSize
                0x0000000024004136       0x36 Drivers/STM32H7xx_HAL_Driver/Src/stm32h7xx_hal_spi.o
 .text.MX_SPI1_Init
                0x000000002400416c       0xac Flash/spi.o
                0x000000002400416c                MX_SPI1_Init
 .text.HAL_SPI_MspInit
                0x0000000024004218      0x16c Flash/spi.o
                0x0000000024004218                HAL_SPI_MspInit
 .text.gpio_init
                0x0000000024004384       0xc8 Flash/stm32f1_init.o
                0x0000000024004384                gpio_init
 .text.SPI2_INIT
                0x000000002400444c        0xc Flash/stm32f1_init.o
                0x000000002400444c                SPI2_INIT
 .text.SPI2_ReadWrites
                0x0000000024004458       0x2c Flash/stm32f1_init.o
                0x0000000024004458                SPI2_ReadWrites
 .text.USART1_Init
                0x0000000024004484        0xe Flash/stm32f1_init.o
                0x0000000024004484                USART1_Init
 .text.Stm32_Clock_Init
                0x0000000024004492       0x20 Flash/stm32f1_init.o
                0x0000000024004492                Stm32_Clock_Init
 *fill*         0x00000000240044b2        0x2 
 .text.SystemClock_Config
                0x00000000240044b4       0xfc Flash/stm32f1_init.o
                0x00000000240044b4                SystemClock_Config
 .text.PeriphCommonClock_Config
                0x00000000240045b0       0x3c Flash/stm32f1_init.o
                0x00000000240045b0                PeriphCommonClock_Config
 .text.MPU_Config
                0x00000000240045ec       0x8e Flash/stm32f1_init.o
 .text.Error_Handler
                0x000000002400467a        0xa Flash/stm32f1_init.o
                0x000000002400467a                Error_Handler
 .text.HAL_InitTick
                0x0000000024004684       0x16 Flash/stm32f1_init.o
                0x0000000024004684                HAL_InitTick
                0x000000002400469a                _etext = .

.glue_7         0x000000002400469c        0x0
 .glue_7        0x000000002400469c        0x0 linker stubs

.glue_7t        0x000000002400469c        0x0
 .glue_7t       0x000000002400469c        0x0 linker stubs

.vfp11_veneer   0x000000002400469c        0x0
 .vfp11_veneer  0x000000002400469c        0x0 linker stubs

.v4_bx          0x000000002400469c        0x0
 .v4_bx         0x000000002400469c        0x0 linker stubs

.init           0x000000002400469c        0x4
 .init          0x000000002400469c        0x4 /usr/lib/gcc/arm-none-eabi/10.3.1/thumb/v7e-m+dp/hard/crti.o
                0x000000002400469c                _init

.fini           0x00000000240046a0        0x4
 .fini          0x00000000240046a0        0x4 /usr/lib/gcc/arm-none-eabi/10.3.1/thumb/v7e-m+dp/hard/crti.o
                0x00000000240046a0                _fini

.iplt           0x00000000240046a4        0x0
 .iplt          0x00000000240046a4        0x0 /usr/lib/gcc/arm-none-eabi/10.3.1/thumb/v7e-m+dp/hard/crtbegin.o

.rodata         0x00000000240046a4       0xa4
 *(.rodata)
 .rodata        0x00000000240046a4       0x92 Flash/Loader_Src.o
 *(.rodata*)
 *fill*         0x0000000024004736        0x2 
 .rodata.D1CorePrescTable
                0x0000000024004738       0x10 Core/Src/system_stm32h7xx.o
                0x0000000024004738                D1CorePrescTable

.eh_frame       0x0000000024004748        0x0
 .eh_frame      0x0000000024004748        0x0 /usr/lib/gcc/arm-none-eabi/10.3.1/thumb/v7e-m+dp/hard/crtbegin.o

.ARM.extab
 *(.ARM.extab* .gnu.linkonce.armextab.*)

.ARM            0x0000000024004748        0x0
                0x0000000024004748                __exidx_start = .
 *(.ARM.exidx*)
                0x0000000024004748                __exidx_end = .

.preinit_array  0x0000000024004748        0x0
                0x0000000024004748                PROVIDE (__preinit_array_start = .)
 *(.preinit_array*)
                0x0000000024004748                PROVIDE (__preinit_array_end = .)

.init_array     0x0000000024004748        0x4
                0x0000000024004748                PROVIDE (__init_array_start = .)
 *(SORT_BY_NAME(.init_array.*))
 *(.init_array*)
 .init_array    0x0000000024004748        0x4 /usr/lib/gcc/arm-none-eabi/10.3.1/thumb/v7e-m+dp/hard/crtbegin.o
                0x000000002400474c                PROVIDE (__init_array_end = .)

.fini_array     0x000000002400474c        0x4
                0x000000002400474c                PROVIDE (__fini_array_start = .)
 *(SORT_BY_NAME(.fini_array.*))
 *(.fini_array*)
 .fini_array    0x000000002400474c        0x4 /usr/lib/gcc/arm-none-eabi/10.3.1/thumb/v7e-m+dp/hard/crtbegin.o
                0x0000000024004750                PROVIDE (__fini_array_end = .)

.data           0x0000000024004750        0xc
                0x0000000024004750                _sdata = .
 *(.data)
 *(.data*)
 .data.SystemCoreClock
                0x0000000024004750        0x4 Core/Src/system_stm32h7xx.o
                0x0000000024004750                SystemCoreClock
 .data.SystemD2Clock
                0x0000000024004754        0x4 Core/Src/system_stm32h7xx.o
                0x0000000024004754                SystemD2Clock
 .data.uwTickPrio
                0x0000000024004758        0x4 Drivers/STM32H7xx_HAL_Driver/Src/stm32h7xx_hal.o
                0x0000000024004758                uwTickPrio
                0x000000002400475c                _edata = .

.tm_clone_table
                0x000000002400475c        0x0
 .tm_clone_table
                0x000000002400475c        0x0 /usr/lib/gcc/arm-none-eabi/10.3.1/thumb/v7e-m+dp/hard/crtbegin.o
 .tm_clone_table
                0x000000002400475c        0x0 /usr/lib/gcc/arm-none-eabi/10.3.1/thumb/v7e-m+dp/hard/crtend.o

.igot.plt       0x000000002400475c        0x0
 .igot.plt      0x000000002400475c        0x0 /usr/lib/gcc/arm-none-eabi/10.3.1/thumb/v7e-m+dp/hard/crtbegin.o

.bss            0x000000002400475c       0xa8
                0x000000002400475c                _sbss = .
 *(.bss)
 .bss           0x000000002400475c       0x1c /usr/lib/gcc/arm-none-eabi/10.3.1/thumb/v7e-m+dp/hard/crtbegin.o
 *(.bss*)
 .bss.uwTick    0x0000000024004778        0x4 Drivers/STM32H7xx_HAL_Driver/Src/stm32h7xx_hal.o
                0x0000000024004778                uwTick
 .bss.hspi1     0x000000002400477c       0x88 Flash/spi.o
                0x000000002400477c                hspi1
 *(COMMON)
                0x0000000024004804                _ebss = .

._user_heap_stack
                0x0000000024004804     0x2004
                0x0000000024004808                . = ALIGN (0x8)
 *fill*         0x0000000024004804        0x4 
                [!provide]                        PROVIDE (end = .)
                0x0000000024004808                PROVIDE (_end = .)
                0x0000000024005808                . = (. + _Min_Heap_Size)
 *fill*         0x0000000024004808     0x1000 
                0x0000000024006808                . = (. + _Min_Stack_Size)
 *fill*         0x0000000024005808     0x1000 
                0x0000000024006808                . = ALIGN (0x8)

/DISCARD/
 libc.a(*)
 libm.a(*)
 libgcc.a(*)

.ARM.attributes
                0x0000000000000000       0x2e
 *(.ARM.attributes)
 .ARM.attributes
                0x0000000000000000       0x1e /usr/lib/gcc/arm-none-eabi/10.3.1/thumb/v7e-m+dp/hard/crti.o
 .ARM.attributes
                0x000000000000001e       0x32 /usr/lib/gcc/arm-none-eabi/10.3.1/thumb/v7e-m+dp/hard/crtbegin.o
 .ARM.attributes
                0x0000000000000050       0x32 Core/Src/system_stm32h7xx.o
 .ARM.attributes
                0x0000000000000082       0x32 Drivers/STM32H7xx_HAL_Driver/Src/stm32h7xx_hal.o
 .ARM.attributes
                0x00000000000000b4       0x32 Drivers/STM32H7xx_HAL_Driver/Src/stm32h7xx_hal_cortex.o
 .ARM.attributes
                0x00000000000000e6       0x32 Drivers/STM32H7xx_HAL_Driver/Src/stm32h7xx_hal_gpio.o
 .ARM.attributes
                0x0000000000000118       0x32 Drivers/STM32H7xx_HAL_Driver/Src/stm32h7xx_hal_pwr_ex.o
 .ARM.attributes
                0x000000000000014a       0x32 Drivers/STM32H7xx_HAL_Driver/Src/stm32h7xx_hal_rcc.o
 .ARM.attributes
                0x000000000000017c       0x32 Drivers/STM32H7xx_HAL_Driver/Src/stm32h7xx_hal_rcc_ex.o
 .ARM.attributes
                0x00000000000001ae       0x32 Drivers/STM32H7xx_HAL_Driver/Src/stm32h7xx_hal_spi.o
 .ARM.attributes
                0x00000000000001e0       0x37 Flash/Dev_Inf.o
 .ARM.attributes
                0x0000000000000217       0x32 Flash/Loader_Src.o
 .ARM.attributes
                0x0000000000000249       0x32 Flash/spi.o
 .ARM.attributes
                0x000000000000027b       0x32 Flash/stm32f1_init.o
 .ARM.attributes
                0x00000000000002ad       0x32 Flash/w25q64.o
 .ARM.attributes
                0x00000000000002df       0x32 /usr/lib/gcc/arm-none-eabi/10.3.1/../../../arm-none-eabi/lib/thumb/v7e-m+dp/hard/libc_nano.a(lib_a-memset.o)
 .ARM.attributes
                0x0000000000000311       0x30 /usr/lib/gcc/arm-none-eabi/10.3.1/thumb/v7e-m+dp/hard/crtend.o

.storage_info   0x0000000024006808       0xc8
                0x0000000024006808                . = ALIGN (0x8)
 *Dev_Inf.o(.storage_info .storage_info*)
 .storage_info  0x0000000024006808       0xc8 Flash/Dev_Inf.o
                0x0000000024006808                StorageInfo
OUTPUT(test2.stldr elf32-littlearm)
LOAD linker stubs
LOAD /usr/lib/gcc/arm-none-eabi/10.3.1/../../../arm-none-eabi/lib/thumb/v7e-m+dp/hard/libc.a
LOAD /usr/lib/gcc/arm-none-eabi/10.3.1/../../../arm-none-eabi/lib/thumb/v7e-m+dp/hard/libm.a
LOAD /usr/lib/gcc/arm-none-eabi/10.3.1/thumb/v7e-m+dp/hard/libgcc.a

.rel.dyn        0x00000000240068d0        0x0
 .rel.iplt      0x00000000240068d0        0x0 /usr/lib/gcc/arm-none-eabi/10.3.1/thumb/v7e-m+dp/hard/crtbegin.o

.comment        0x0000000000000000       0x33
 .comment       0x0000000000000000       0x33 /usr/lib/gcc/arm-none-eabi/10.3.1/thumb/v7e-m+dp/hard/crtbegin.o
                                         0x34 (size before relaxing)
 .comment       0x0000000000000033       0x34 Core/Src/system_stm32h7xx.o
 .comment       0x0000000000000033       0x34 Drivers/STM32H7xx_HAL_Driver/Src/stm32h7xx_hal.o
 .comment       0x0000000000000033       0x34 Drivers/STM32H7xx_HAL_Driver/Src/stm32h7xx_hal_cortex.o
 .comment       0x0000000000000033       0x34 Drivers/STM32H7xx_HAL_Driver/Src/stm32h7xx_hal_gpio.o
 .comment       0x0000000000000033       0x34 Drivers/STM32H7xx_HAL_Driver/Src/stm32h7xx_hal_pwr_ex.o
 .comment       0x0000000000000033       0x34 Drivers/STM32H7xx_HAL_Driver/Src/stm32h7xx_hal_rcc.o
 .comment       0x0000000000000033       0x34 Drivers/STM32H7xx_HAL_Driver/Src/stm32h7xx_hal_rcc_ex.o
 .comment       0x0000000000000033       0x34 Drivers/STM32H7xx_HAL_Driver/Src/stm32h7xx_hal_spi.o
 .comment       0x0000000000000033       0x34 Flash/Dev_Inf.o
 .comment       0x0000000000000033       0x34 Flash/Loader_Src.o
 .comment       0x0000000000000033       0x34 Flash/spi.o
 .comment       0x0000000000000033       0x34 Flash/stm32f1_init.o
 .comment       0x0000000000000033       0x34 Flash/w25q64.o
 .comment       0x0000000000000033       0x34 /usr/lib/gcc/arm-none-eabi/10.3.1/../../../arm-none-eabi/lib/thumb/v7e-m+dp/hard/libc_nano.a(lib_a-memset.o)
 .comment       0x0000000000000033       0x34 /usr/lib/gcc/arm-none-eabi/10.3.1/thumb/v7e-m+dp/hard/crtend.o

.debug_info     0x0000000000000000     0xd95e
 .debug_info    0x0000000000000000      0xcef Core/Src/system_stm32h7xx.o
 .debug_info    0x0000000000000cef     0x1565 Drivers/STM32H7xx_HAL_Driver/Src/stm32h7xx_hal.o
 .debug_info    0x0000000000002254     0x119f Drivers/STM32H7xx_HAL_Driver/Src/stm32h7xx_hal_cortex.o
 .debug_info    0x00000000000033f3      0xd10 Drivers/STM32H7xx_HAL_Driver/Src/stm32h7xx_hal_gpio.o
 .debug_info    0x0000000000004103     0x106f Drivers/STM32H7xx_HAL_Driver/Src/stm32h7xx_hal_pwr_ex.o
 .debug_info    0x0000000000005172      0xed2 Drivers/STM32H7xx_HAL_Driver/Src/stm32h7xx_hal_rcc.o
 .debug_info    0x0000000000006044     0x1274 Drivers/STM32H7xx_HAL_Driver/Src/stm32h7xx_hal_rcc_ex.o
 .debug_info    0x00000000000072b8     0x14c0 Drivers/STM32H7xx_HAL_Driver/Src/stm32h7xx_hal_spi.o
 .debug_info    0x0000000000008778      0x10e Flash/Dev_Inf.o
 .debug_info    0x0000000000008886      0x3bd Flash/Loader_Src.o
 .debug_info    0x0000000000008c43     0x1068 Flash/spi.o
 .debug_info    0x0000000000009cab     0x2b9d Flash/stm32f1_init.o
 .debug_info    0x000000000000c848      0xfdf Flash/w25q64.o
 .debug_info    0x000000000000d827      0x137 /usr/lib/gcc/arm-none-eabi/10.3.1/../../../arm-none-eabi/lib/thumb/v7e-m+dp/hard/libc_nano.a(lib_a-memset.o)

.debug_abbrev   0x0000000000000000     0x1b78
 .debug_abbrev  0x0000000000000000      0x147 Core/Src/system_stm32h7xx.o
 .debug_abbrev  0x0000000000000147      0x241 Drivers/STM32H7xx_HAL_Driver/Src/stm32h7xx_hal.o
 .debug_abbrev  0x0000000000000388      0x329 Drivers/STM32H7xx_HAL_Driver/Src/stm32h7xx_hal_cortex.o
 .debug_abbrev  0x00000000000006b1      0x1ec Drivers/STM32H7xx_HAL_Driver/Src/stm32h7xx_hal_gpio.o
 .debug_abbrev  0x000000000000089d      0x267 Drivers/STM32H7xx_HAL_Driver/Src/stm32h7xx_hal_pwr_ex.o
 .debug_abbrev  0x0000000000000b04      0x270 Drivers/STM32H7xx_HAL_Driver/Src/stm32h7xx_hal_rcc.o
 .debug_abbrev  0x0000000000000d74      0x247 Drivers/STM32H7xx_HAL_Driver/Src/stm32h7xx_hal_rcc_ex.o
 .debug_abbrev  0x0000000000000fbb      0x25a Drivers/STM32H7xx_HAL_Driver/Src/stm32h7xx_hal_spi.o
 .debug_abbrev  0x0000000000001215       0x6f Flash/Dev_Inf.o
 .debug_abbrev  0x0000000000001284      0x159 Flash/Loader_Src.o
 .debug_abbrev  0x00000000000013dd      0x1c8 Flash/spi.o
 .debug_abbrev  0x00000000000015a5      0x390 Flash/stm32f1_init.o
 .debug_abbrev  0x0000000000001935      0x18f Flash/w25q64.o
 .debug_abbrev  0x0000000000001ac4       0xb4 /usr/lib/gcc/arm-none-eabi/10.3.1/../../../arm-none-eabi/lib/thumb/v7e-m+dp/hard/libc_nano.a(lib_a-memset.o)

.debug_aranges  0x0000000000000000      0x990
 .debug_aranges
                0x0000000000000000       0x28 Core/Src/system_stm32h7xx.o
 .debug_aranges
                0x0000000000000028      0x198 Drivers/STM32H7xx_HAL_Driver/Src/stm32h7xx_hal.o
 .debug_aranges
                0x00000000000001c0      0x130 Drivers/STM32H7xx_HAL_Driver/Src/stm32h7xx_hal_cortex.o
 .debug_aranges
                0x00000000000002f0       0x58 Drivers/STM32H7xx_HAL_Driver/Src/stm32h7xx_hal_gpio.o
 .debug_aranges
                0x0000000000000348      0x158 Drivers/STM32H7xx_HAL_Driver/Src/stm32h7xx_hal_pwr_ex.o
 .debug_aranges
                0x00000000000004a0       0x88 Drivers/STM32H7xx_HAL_Driver/Src/stm32h7xx_hal_rcc.o
 .debug_aranges
                0x0000000000000528       0xf8 Drivers/STM32H7xx_HAL_Driver/Src/stm32h7xx_hal_rcc_ex.o
 .debug_aranges
                0x0000000000000620      0x1a8 Drivers/STM32H7xx_HAL_Driver/Src/stm32h7xx_hal_spi.o
 .debug_aranges
                0x00000000000007c8       0x18 Flash/Dev_Inf.o
 .debug_aranges
                0x00000000000007e0       0x78 Flash/Loader_Src.o
 .debug_aranges
                0x0000000000000858       0x30 Flash/spi.o
 .debug_aranges
                0x0000000000000888       0x80 Flash/stm32f1_init.o
 .debug_aranges
                0x0000000000000908       0x68 Flash/w25q64.o
 .debug_aranges
                0x0000000000000970       0x20 /usr/lib/gcc/arm-none-eabi/10.3.1/../../../arm-none-eabi/lib/thumb/v7e-m+dp/hard/libc_nano.a(lib_a-memset.o)

.debug_ranges   0x0000000000000000      0x898
 .debug_ranges  0x0000000000000000       0x18 Core/Src/system_stm32h7xx.o
 .debug_ranges  0x0000000000000018      0x188 Drivers/STM32H7xx_HAL_Driver/Src/stm32h7xx_hal.o
 .debug_ranges  0x00000000000001a0      0x120 Drivers/STM32H7xx_HAL_Driver/Src/stm32h7xx_hal_cortex.o
 .debug_ranges  0x00000000000002c0       0x48 Drivers/STM32H7xx_HAL_Driver/Src/stm32h7xx_hal_gpio.o
 .debug_ranges  0x0000000000000308      0x148 Drivers/STM32H7xx_HAL_Driver/Src/stm32h7xx_hal_pwr_ex.o
 .debug_ranges  0x0000000000000450       0x78 Drivers/STM32H7xx_HAL_Driver/Src/stm32h7xx_hal_rcc.o
 .debug_ranges  0x00000000000004c8       0xe8 Drivers/STM32H7xx_HAL_Driver/Src/stm32h7xx_hal_rcc_ex.o
 .debug_ranges  0x00000000000005b0      0x198 Drivers/STM32H7xx_HAL_Driver/Src/stm32h7xx_hal_spi.o
 .debug_ranges  0x0000000000000748       0x68 Flash/Loader_Src.o
 .debug_ranges  0x00000000000007b0       0x20 Flash/spi.o
 .debug_ranges  0x00000000000007d0       0x70 Flash/stm32f1_init.o
 .debug_ranges  0x0000000000000840       0x58 Flash/w25q64.o

.debug_macro    0x0000000000000000     0x1d7a
 .debug_macro   0x0000000000000000      0x286 Core/Src/system_stm32h7xx.o
 .debug_macro   0x0000000000000286      0x2b0 Drivers/STM32H7xx_HAL_Driver/Src/stm32h7xx_hal.o
 .debug_macro   0x0000000000000536      0x286 Drivers/STM32H7xx_HAL_Driver/Src/stm32h7xx_hal_cortex.o
 .debug_macro   0x00000000000007bc      0x28d Drivers/STM32H7xx_HAL_Driver/Src/stm32h7xx_hal_gpio.o
 .debug_macro   0x0000000000000a49      0x2bf Drivers/STM32H7xx_HAL_Driver/Src/stm32h7xx_hal_pwr_ex.o
 .debug_macro   0x0000000000000d08      0x2aa Drivers/STM32H7xx_HAL_Driver/Src/stm32h7xx_hal_rcc.o
 .debug_macro   0x0000000000000fb2      0x2a4 Drivers/STM32H7xx_HAL_Driver/Src/stm32h7xx_hal_rcc_ex.o
 .debug_macro   0x0000000000001256      0x28e Drivers/STM32H7xx_HAL_Driver/Src/stm32h7xx_hal_spi.o
 .debug_macro   0x00000000000014e4       0x1a Flash/Dev_Inf.o
 .debug_macro   0x00000000000014fe       0x46 Flash/Dev_Inf.o
 .debug_macro   0x0000000000001544       0x99 Flash/Loader_Src.o
 .debug_macro   0x00000000000015dd       0x8e Flash/Loader_Src.o
 .debug_macro   0x000000000000166b      0x290 Flash/spi.o
 .debug_macro   0x00000000000018fb      0x2a7 Flash/stm32f1_init.o
 .debug_macro   0x0000000000001ba2       0xba Flash/stm32f1_init.o
 .debug_macro   0x0000000000001c5c       0x96 Flash/w25q64.o
 .debug_macro   0x0000000000001cf2       0x88 Flash/w25q64.o

.debug_line     0x0000000000000000     0x933e
 .debug_line    0x0000000000000000      0x6cb Core/Src/system_stm32h7xx.o
 .debug_line    0x00000000000006cb      0xac9 Drivers/STM32H7xx_HAL_Driver/Src/stm32h7xx_hal.o
 .debug_line    0x0000000000001194      0xafd Drivers/STM32H7xx_HAL_Driver/Src/stm32h7xx_hal_cortex.o
 .debug_line    0x0000000000001c91      0x98c Drivers/STM32H7xx_HAL_Driver/Src/stm32h7xx_hal_gpio.o
 .debug_line    0x000000000000261d      0xbef Drivers/STM32H7xx_HAL_Driver/Src/stm32h7xx_hal_pwr_ex.o
 .debug_line    0x000000000000320c     0x1099 Drivers/STM32H7xx_HAL_Driver/Src/stm32h7xx_hal_rcc.o
 .debug_line    0x00000000000042a5     0x1967 Drivers/STM32H7xx_HAL_Driver/Src/stm32h7xx_hal_rcc_ex.o
 .debug_line    0x0000000000005c0c     0x1f51 Drivers/STM32H7xx_HAL_Driver/Src/stm32h7xx_hal_spi.o
 .debug_line    0x0000000000007b5d       0x3d Flash/Dev_Inf.o
 .debug_line    0x0000000000007b9a      0x51a Flash/Loader_Src.o
 .debug_line    0x00000000000080b4      0x5d7 Flash/spi.o
 .debug_line    0x000000000000868b      0x79e Flash/stm32f1_init.o
 .debug_line    0x0000000000008e29      0x356 Flash/w25q64.o
 .debug_line    0x000000000000917f      0x1bf /usr/lib/gcc/arm-none-eabi/10.3.1/../../../arm-none-eabi/lib/thumb/v7e-m+dp/hard/libc_nano.a(lib_a-memset.o)

.debug_str      0x0000000000000000   0x15b00f
 .debug_str     0x0000000000000000   0x156a6e Core/Src/system_stm32h7xx.o
                                     0x156ebd (size before relaxing)
 .debug_str     0x0000000000156a6e     0x1021 Drivers/STM32H7xx_HAL_Driver/Src/stm32h7xx_hal.o
                                     0x157d7b (size before relaxing)
 .debug_str     0x0000000000157a8f      0x3cd Drivers/STM32H7xx_HAL_Driver/Src/stm32h7xx_hal_cortex.o
                                     0x157813 (size before relaxing)
 .debug_str     0x0000000000157e5c      0x19e Drivers/STM32H7xx_HAL_Driver/Src/stm32h7xx_hal_gpio.o
                                     0x156e73 (size before relaxing)
 .debug_str     0x0000000000157ffa      0x674 Drivers/STM32H7xx_HAL_Driver/Src/stm32h7xx_hal_pwr_ex.o
                                     0x157315 (size before relaxing)
 .debug_str     0x000000000015866e      0x3f5 Drivers/STM32H7xx_HAL_Driver/Src/stm32h7xx_hal_rcc.o
                                     0x157219 (size before relaxing)
 .debug_str     0x0000000000158a63      0x952 Drivers/STM32H7xx_HAL_Driver/Src/stm32h7xx_hal_rcc_ex.o
                                     0x1576d4 (size before relaxing)
 .debug_str     0x00000000001593b5      0xae9 Drivers/STM32H7xx_HAL_Driver/Src/stm32h7xx_hal_spi.o
                                     0x157524 (size before relaxing)
 .debug_str     0x0000000000159e9e      0x109 Flash/Dev_Inf.o
                                       0x2e4e (size before relaxing)
 .debug_str     0x0000000000159fa7      0x386 Flash/Loader_Src.o
                                      0xe73e4 (size before relaxing)
 .debug_str     0x000000000015a32d       0x48 Flash/spi.o
                                     0x157576 (size before relaxing)
 .debug_str     0x000000000015a375      0xa70 Flash/stm32f1_init.o
                                     0x158263 (size before relaxing)
 .debug_str     0x000000000015ade5      0x10a Flash/w25q64.o
                                      0xe7ba2 (size before relaxing)
 .debug_str     0x000000000015aeef      0x120 /usr/lib/gcc/arm-none-eabi/10.3.1/../../../arm-none-eabi/lib/thumb/v7e-m+dp/hard/libc_nano.a(lib_a-memset.o)
                                        0x1c3 (size before relaxing)

.debug_frame    0x0000000000000000     0x2614
 .debug_frame   0x0000000000000000       0x58 Core/Src/system_stm32h7xx.o
 .debug_frame   0x0000000000000058      0x690 Drivers/STM32H7xx_HAL_Driver/Src/stm32h7xx_hal.o
 .debug_frame   0x00000000000006e8      0x508 Drivers/STM32H7xx_HAL_Driver/Src/stm32h7xx_hal_cortex.o
 .debug_frame   0x0000000000000bf0      0x14c Drivers/STM32H7xx_HAL_Driver/Src/stm32h7xx_hal_gpio.o
 .debug_frame   0x0000000000000d3c      0x580 Drivers/STM32H7xx_HAL_Driver/Src/stm32h7xx_hal_pwr_ex.o
 .debug_frame   0x00000000000012bc      0x1f8 Drivers/STM32H7xx_HAL_Driver/Src/stm32h7xx_hal_rcc.o
 .debug_frame   0x00000000000014b4      0x414 Drivers/STM32H7xx_HAL_Driver/Src/stm32h7xx_hal_rcc_ex.o
 .debug_frame   0x00000000000018c8      0x7ac Drivers/STM32H7xx_HAL_Driver/Src/stm32h7xx_hal_spi.o
 .debug_frame   0x0000000000002074      0x1d0 Flash/Loader_Src.o
 .debug_frame   0x0000000000002244       0x78 Flash/spi.o
 .debug_frame   0x00000000000022bc      0x1c4 Flash/stm32f1_init.o
 .debug_frame   0x0000000000002480      0x168 Flash/w25q64.o
 .debug_frame   0x00000000000025e8       0x2c /usr/lib/gcc/arm-none-eabi/10.3.1/../../../arm-none-eabi/lib/thumb/v7e-m+dp/hard/libc_nano.a(lib_a-memset.o)

.debug_loc      0x0000000000000000      0x22c
 .debug_loc     0x0000000000000000      0x22c /usr/lib/gcc/arm-none-eabi/10.3.1/../../../arm-none-eabi/lib/thumb/v7e-m+dp/hard/libc_nano.a(lib_a-memset.o)
